CHRONOS FUTURE SESSION AUDIT
WINDOW: 18:40-19:05

18:51:14
Maintenance session opened.
ACCOUNT: AS-17
AUTHORIZATION: VALID
SESSION DEVICE: TERM-22

18:52:03
TIMELINE GATE G-4 configuration accessed.
ACCOUNT: AS-17
ACTION: MODIFY
CHANGE: OPEN-WINDOW 30s -> 180s
STATUS: ACCEPTED

18:52:05
SESSION DEVICE TOKEN: TERM-22
DEVICE OWNER RECORD: MAINTENANCE CONSOLE 4

18:53:19
Gate propagation began.
18:56:44
Future event ordering became non-deterministic.

SECURITY NOTE:
AS-17 is a valid account. Session authorization alone does not establish that AS-17's owner physically initiated the change.
